07-29 05:55:31.857 12509 12546 I TestRunner: started: vertical_scroll_content_at_last_position(com.example.dogglers.VerticalListTests)
07-29 05:55:31.930 12509 12546 W Settings: Setting always_finish_activities has moved from android.provider.Settings.System to android.provider.Settings.Global, returning read-only value.
07-29 05:55:32.161 12509 12509 W ActivityThread: handleWindowVisibility: no activity for token android.os.BinderProxy@feb8c7f
07-29 05:55:32.213 12509 12509 D LifecycleMonitor: Lifecycle status change: androidx.test.core.app.InstrumentationActivityInvoker$BootstrapActivity@45b1c95 in: PRE_ON_CREATE
07-29 05:55:32.214 12509 12509 V ActivityScenario: Activity lifecycle changed event received but ignored because the intent does not match. startActivityIntent=Intent { act=android.intent.action.MAIN cat=[android.intent.category.LAUNCHER] cmp=com.example.dogglers/.VerticalListActivity }, activity.getIntent()=Intent { act=android.intent.action.MAIN cat=[android.intent.category.LAUNCHER] flg=0x10008000 cmp=com.example.dogglers/androidx.test.core.app.InstrumentationActivityInvoker$BootstrapActivity (has extras) }, activity=androidx.test.core.app.InstrumentationActivityInvoker$BootstrapActivity@45b1c95
07-29 05:55:32.245 12509 12509 D LifecycleMonitor: Lifecycle status change: androidx.test.core.app.InstrumentationActivityInvoker$BootstrapActivity@45b1c95 in: CREATED
07-29 05:55:32.245 12509 12509 V ActivityScenario: Activity lifecycle changed event received but ignored because the intent does not match. startActivityIntent=Intent { act=android.intent.action.MAIN cat=[android.intent.category.LAUNCHER] cmp=com.example.dogglers/.VerticalListActivity }, activity.getIntent()=Intent { act=android.intent.action.MAIN cat=[android.intent.category.LAUNCHER] flg=0x10008000 cmp=com.example.dogglers/androidx.test.core.app.InstrumentationActivityInvoker$BootstrapActivity (has extras) }, activity=androidx.test.core.app.InstrumentationActivityInvoker$BootstrapActivity@45b1c95
07-29 05:55:32.260 12509 12509 D LifecycleMonitor: Lifecycle status change: androidx.test.core.app.InstrumentationActivityInvoker$BootstrapActivity@45b1c95 in: STARTED
07-29 05:55:32.263 12509 12509 V ActivityScenario: Activity lifecycle changed event received but ignored because the intent does not match. startActivityIntent=Intent { act=android.intent.action.MAIN cat=[android.intent.category.LAUNCHER] cmp=com.example.dogglers/.VerticalListActivity }, activity.getIntent()=Intent { act=android.intent.action.MAIN cat=[android.intent.category.LAUNCHER] flg=0x10008000 cmp=com.example.dogglers/androidx.test.core.app.InstrumentationActivityInvoker$BootstrapActivity (has extras) }, activity=androidx.test.core.app.InstrumentationActivityInvoker$BootstrapActivity@45b1c95
07-29 05:55:32.289 12509 12509 D LifecycleMonitor: Lifecycle status change: androidx.test.core.app.InstrumentationActivityInvoker$BootstrapActivity@45b1c95 in: RESUMED
07-29 05:55:32.298 12509 12509 V ActivityScenario: Activity lifecycle changed event received but ignored because the intent does not match. startActivityIntent=Intent { act=android.intent.action.MAIN cat=[android.intent.category.LAUNCHER] cmp=com.example.dogglers/.VerticalListActivity }, activity.getIntent()=Intent { act=android.intent.action.MAIN cat=[android.intent.category.LAUNCHER] flg=0x10008000 cmp=com.example.dogglers/androidx.test.core.app.InstrumentationActivityInvoker$BootstrapActivity (has extras) }, activity=androidx.test.core.app.InstrumentationActivityInvoker$BootstrapActivity@45b1c95
07-29 05:55:32.302 12509 12509 D LifecycleMonitor: Lifecycle status change: androidx.test.core.app.InstrumentationActivityInvoker$BootstrapActivity@45b1c95 in: PAUSED
07-29 05:55:32.303 12509 12509 V ActivityScenario: Activity lifecycle changed event received but ignored because the intent does not match. startActivityIntent=Intent { act=android.intent.action.MAIN cat=[android.intent.category.LAUNCHER] cmp=com.example.dogglers/.VerticalListActivity }, activity.getIntent()=Intent { act=android.intent.action.MAIN cat=[android.intent.category.LAUNCHER] flg=0x10008000 cmp=com.example.dogglers/androidx.test.core.app.InstrumentationActivityInvoker$BootstrapActivity (has extras) }, activity=androidx.test.core.app.InstrumentationActivityInvoker$BootstrapActivity@45b1c95
07-29 05:55:32.323 12509 12509 W ActivityThread: handleWindowVisibility: no activity for token android.os.BinderProxy@cb6719b
07-29 05:55:32.412 12509 12509 D LifecycleMonitor: Lifecycle status change: com.example.dogglers.VerticalListActivity@9240e4 in: PRE_ON_CREATE
07-29 05:55:32.412 12509 12509 V ActivityScenario: Activity lifecycle changed event received but ignored because the reported transition was not ON_CREATE while the last known transition was PRE_ON_CREATE
07-29 05:55:32.491  1892  2737 I GnssLocationProvider: WakeLock acquired by sendMessage(REPORT_SV_STATUS, 0, com.android.server.location.GnssLocationProvider$SvStatusInfo@582b15b)
07-29 05:55:32.493  1892  1905 I GnssLocationProvider: WakeLock released by handleMessage(REPORT_SV_STATUS, 0, com.android.server.location.GnssLocationProvider$SvStatusInfo@582b15b)
07-29 05:55:32.508 12509 12509 D LifecycleMonitor: Lifecycle status change: com.example.dogglers.VerticalListActivity@9240e4 in: CREATED
07-29 05:55:32.509 12509 12509 V ActivityScenario: Update currentActivityStage to CREATED, currentActivity=com.example.dogglers.VerticalListActivity@9240e4
07-29 05:55:32.513 12509 12509 D LifecycleMonitor: Lifecycle status change: com.example.dogglers.VerticalListActivity@9240e4 in: STARTED
07-29 05:55:32.514 12509 12509 V ActivityScenario: Update currentActivityStage to STARTED, currentActivity=com.example.dogglers.VerticalListActivity@9240e4
07-29 05:55:32.516 12509 12509 D LifecycleMonitor: Lifecycle status change: com.example.dogglers.VerticalListActivity@9240e4 in: RESUMED
07-29 05:55:32.518 12509 12509 V ActivityScenario: Update currentActivityStage to RESUMED, currentActivity=com.example.dogglers.VerticalListActivity@9240e4
07-29 05:55:32.606  1637  1679 D gralloc_ranchu: gralloc_alloc: Creating ashmem region of size 9023488
07-29 05:55:32.672  1637  1679 D gralloc_ranchu: gralloc_alloc: Creating ashmem region of size 9592832
07-29 05:55:32.674  1637  2722 D gralloc_ranchu: gralloc_alloc: Creating ashmem region of size 9592832
07-29 05:55:32.701  1637  1679 D gralloc_ranchu: gralloc_alloc: Creating ashmem region of size 9592832
07-29 05:55:32.753 24107 25347 D EGL_emulation: eglMakeCurrent: 0xe54868c0: ver 2 0 (tinfo 0xe5483370)
07-29 05:55:32.755  1637  1679 D gralloc_ranchu: gralloc_alloc: Creating ashmem region of size 9023488
07-29 05:55:32.816  2583  2699 D EGL_emulation: eglMakeCurrent: 0xcfd26e60: ver 2 0 (tinfo 0xcfd317b0)
07-29 05:55:32.852  2009  2260 D EGL_emulation: eglMakeCurrent: 0xe3a30e80: ver 2 0 (tinfo 0xe35ff2f0)
07-29 05:55:32.948  2009  2260 D EGL_emulation: eglMakeCurrent: 0xe3a30e80: ver 2 0 (tinfo 0xe35ff2f0)
07-29 05:55:33.016 12509 12550 D EGL_emulation: eglMakeCurrent: 0xeb67f640: ver 2 0 (tinfo 0xeb631bf0)
07-29 05:55:33.113  1892  1914 I ActivityManager: Displayed com.example.dogglers/.VerticalListActivity: +761ms (total +928ms)
07-29 05:55:33.126 23703 23703 I GoogleInputMethod: onFinishInput() : Dummy InputConnection bound
07-29 05:55:33.147 23703 23703 I GoogleInputMethod: onStartInput() : Dummy InputConnection bound
07-29 05:55:33.239 12509 12509 I ViewInteraction: Performing 'scroll RecyclerView to position: 5' action on view view.getId() is <2131231206/com.example.dogglers:id/vertical_recycler_view>
07-29 05:55:33.269  1737  2326 W SurfaceFlinger: Attempting to set client state on removed layer: Splash Screen com.example.dogglers#0
07-29 05:55:33.269  1737  2326 W SurfaceFlinger: Attempting to destroy on removed layer: Splash Screen com.example.dogglers#0
07-29 05:55:33.448 12509 12509 W xample.doggler: Accessing hidden field Landroid/view/View;->mAccessibilityDelegate:Landroid/view/View$AccessibilityDelegate; (light greylist, reflection)
07-29 05:55:33.485 12509 12522 I xample.doggler: Background concurrent copying GC freed 17218(1248KB) AllocSpace objects, 0(0B) LOS objects, 50% free, 3MB/6MB, paused 9.951ms total 38.205ms
07-29 05:55:33.495  1892  2737 I GnssLocationProvider: WakeLock acquired by sendMessage(REPORT_SV_STATUS, 0, com.android.server.location.GnssLocationProvider$SvStatusInfo@bdecb09)
07-29 05:55:33.496  1892  1905 I GnssLocationProvider: WakeLock released by handleMessage(REPORT_SV_STATUS, 0, com.android.server.location.GnssLocationProvider$SvStatusInfo@bdecb09)
07-29 05:55:33.530 12509 12509 D LifecycleMonitor: Lifecycle status change: androidx.test.core.app.InstrumentationActivityInvoker$BootstrapActivity@45b1c95 in: STOPPED
07-29 05:55:33.535 12509 12509 V ActivityScenario: Activity lifecycle changed event received but ignored because the intent does not match. startActivityIntent=Intent { act=android.intent.action.MAIN cat=[android.intent.category.LAUNCHER] cmp=com.example.dogglers/.VerticalListActivity }, activity.getIntent()=Intent { act=android.intent.action.MAIN cat=[android.intent.category.LAUNCHER] flg=0x10008000 cmp=com.example.dogglers/androidx.test.core.app.InstrumentationActivityInvoker$BootstrapActivity (has extras) }, activity=androidx.test.core.app.InstrumentationActivityInvoker$BootstrapActivity@45b1c95
07-29 05:55:33.560 12509 12509 I ViewInteraction: Checking 'MatchesViewAssertion{viewMatcher=(view has effective visibility <VISIBLE> and view.getGlobalVisibleRect() to return non-empty rectangle)}' assertion on view an instance of android.widget.TextView and view.getText() with or without transformation to match: is "Bella"
07-29 05:55:33.625 12509 12509 D LifecycleMonitor: Lifecycle status change: com.example.dogglers.VerticalListActivity@9240e4 in: PAUSED
07-29 05:55:33.625 12509 12509 V ActivityScenario: Update currentActivityStage to PAUSED, currentActivity=com.example.dogglers.VerticalListActivity@9240e4
07-29 05:55:33.653  1737  1737 W SurfaceFlinger: couldn't log to binary event log: overflow.
07-29 05:55:33.654 12509 12509 W ActivityThread: handleWindowVisibility: no activity for token android.os.BinderProxy@8176c73
07-29 05:55:33.881 12509 12509 D LifecycleMonitor: Lifecycle status change: androidx.test.core.app.InstrumentationActivityInvoker$EmptyActivity@37abfa9 in: PRE_ON_CREATE
07-29 05:55:33.882 12509 12509 V ActivityScenario: Activity lifecycle changed event received but ignored because the intent does not match. startActivityIntent=Intent { act=android.intent.action.MAIN cat=[android.intent.category.LAUNCHER] cmp=com.example.dogglers/.VerticalListActivity }, activity.getIntent()=Intent { act=android.intent.action.MAIN cat=[android.intent.category.LAUNCHER] flg=0x10000000 cmp=com.example.dogglers/androidx.test.core.app.InstrumentationActivityInvoker$EmptyActivity }, activity=androidx.test.core.app.InstrumentationActivityInvoker$EmptyActivity@37abfa9
07-29 05:55:33.907 12509 12509 D LifecycleMonitor: Lifecycle status change: androidx.test.core.app.InstrumentationActivityInvoker$EmptyActivity@37abfa9 in: CREATED
07-29 05:55:33.908 12509 12509 V ActivityScenario: Activity lifecycle changed event received but ignored because the intent does not match. startActivityIntent=Intent { act=android.intent.action.MAIN cat=[android.intent.category.LAUNCHER] cmp=com.example.dogglers/.VerticalListActivity }, activity.getIntent()=Intent { act=android.intent.action.MAIN cat=[android.intent.category.LAUNCHER] flg=0x10000000 cmp=com.example.dogglers/androidx.test.core.app.InstrumentationActivityInvoker$EmptyActivity }, activity=androidx.test.core.app.InstrumentationActivityInvoker$EmptyActivity@37abfa9
07-29 05:55:33.915 12509 12509 D LifecycleMonitor: Lifecycle status change: androidx.test.core.app.InstrumentationActivityInvoker$EmptyActivity@37abfa9 in: STARTED
07-29 05:55:33.956 12509 12509 V ActivityScenario: Activity lifecycle changed event received but ignored because the intent does not match. startActivityIntent=Intent { act=android.intent.action.MAIN cat=[android.intent.category.LAUNCHER] cmp=com.example.dogglers/.VerticalListActivity }, activity.getIntent()=Intent { act=android.intent.action.MAIN cat=[android.intent.category.LAUNCHER] flg=0x10000000 cmp=com.example.dogglers/androidx.test.core.app.InstrumentationActivityInvoker$EmptyActivity }, activity=androidx.test.core.app.InstrumentationActivityInvoker$EmptyActivity@37abfa9
07-29 05:55:33.988 12509 12509 D LifecycleMonitor: Lifecycle status change: androidx.test.core.app.InstrumentationActivityInvoker$EmptyActivity@37abfa9 in: RESUMED
07-29 05:55:33.988 12509 12509 V ActivityScenario: Activity lifecycle changed event received but ignored because the intent does not match. startActivityIntent=Intent { act=android.intent.action.MAIN cat=[android.intent.category.LAUNCHER] cmp=com.example.dogglers/.VerticalListActivity }, activity.getIntent()=Intent { act=android.intent.action.MAIN cat=[android.intent.category.LAUNCHER] flg=0x10000000 cmp=com.example.dogglers/androidx.test.core.app.InstrumentationActivityInvoker$EmptyActivity }, activity=androidx.test.core.app.InstrumentationActivityInvoker$EmptyActivity@37abfa9
07-29 05:55:34.071 24107 12217 I PBSessionCacheImpl: (REDACTED) Deleted sessionId[%d] from persistence.
07-29 05:55:34.125  1637  1679 D gralloc_ranchu: gralloc_alloc: Creating ashmem region of size 9023488
07-29 05:55:34.160  1637  2722 D gralloc_ranchu: gralloc_alloc: Creating ashmem region of size 9023488
07-29 05:55:34.182 24107 24251 W SearchServiceCore: Abort, client detached.
07-29 05:55:34.209  1637  1679 D gralloc_ranchu: gralloc_alloc: Creating ashmem region of size 9023488
07-29 05:55:34.349 12509 12550 D EGL_emulation: eglMakeCurrent: 0xeb67f640: ver 2 0 (tinfo 0xeb631bf0)
07-29 05:55:34.379  1892  1914 I ActivityManager: Displayed com.example.dogglers/androidx.test.core.app.InstrumentationActivityInvoker$EmptyActivity: +732ms
07-29 05:55:34.389 23703 23703 I GoogleInputMethod: onFinishInput() : Dummy InputConnection bound
07-29 05:55:34.418 23703 23703 I GoogleInputMethod: onStartInput() : Dummy InputConnection bound
07-29 05:55:34.432 12509 12509 D LifecycleMonitor: Lifecycle status change: androidx.test.core.app.InstrumentationActivityInvoker$EmptyActivity@37abfa9 in: PAUSED
07-29 05:55:34.434 12509 12509 V ActivityScenario: Activity lifecycle changed event received but ignored because the intent does not match. startActivityIntent=Intent { act=android.intent.action.MAIN cat=[android.intent.category.LAUNCHER] cmp=com.example.dogglers/.VerticalListActivity }, activity.getIntent()=Intent { act=android.intent.action.MAIN cat=[android.intent.category.LAUNCHER] flg=0x10000000 cmp=com.example.dogglers/androidx.test.core.app.InstrumentationActivityInvoker$EmptyActivity }, activity=androidx.test.core.app.InstrumentationActivityInvoker$EmptyActivity@37abfa9
07-29 05:55:34.440 12509 12509 D LifecycleMonitor: Lifecycle status change: androidx.test.core.app.InstrumentationActivityInvoker$BootstrapActivity@45b1c95 in: DESTROYED
07-29 05:55:34.441 12509 12509 V ActivityScenario: Activity lifecycle changed event received but ignored because the intent does not match. startActivityIntent=Intent { act=android.intent.action.MAIN cat=[android.intent.category.LAUNCHER] cmp=com.example.dogglers/.VerticalListActivity }, activity.getIntent()=Intent { act=android.intent.action.MAIN cat=[android.intent.category.LAUNCHER] flg=0x10008000 cmp=com.example.dogglers/androidx.test.core.app.InstrumentationActivityInvoker$BootstrapActivity (has extras) }, activity=androidx.test.core.app.InstrumentationActivityInvoker$BootstrapActivity@45b1c95
07-29 05:55:34.441 12509 12509 W ActivityThread: handleWindowVisibility: no activity for token android.os.BinderProxy@41aca3a
07-29 05:55:34.484 12509 12509 D LifecycleMonitor: Lifecycle status change: androidx.test.core.app.InstrumentationActivityInvoker$EmptyActivity@d33ec48 in: PRE_ON_CREATE
07-29 05:55:34.484 12509 12509 V ActivityScenario: Activity lifecycle changed event received but ignored because the intent does not match. startActivityIntent=Intent { act=android.intent.action.MAIN cat=[android.intent.category.LAUNCHER] cmp=com.example.dogglers/.VerticalListActivity }, activity.getIntent()=Intent { act=android.intent.action.MAIN cat=[android.intent.category.LAUNCHER] flg=0x10000000 cmp=com.example.dogglers/androidx.test.core.app.InstrumentationActivityInvoker$EmptyActivity }, activity=androidx.test.core.app.InstrumentationActivityInvoker$EmptyActivity@d33ec48
07-29 05:55:34.496 12509 12509 D LifecycleMonitor: Lifecycle status change: androidx.test.core.app.InstrumentationActivityInvoker$EmptyActivity@d33ec48 in: CREATED
07-29 05:55:34.497 12509 12509 V ActivityScenario: Activity lifecycle changed event received but ignored because the intent does not match. startActivityIntent=Intent { act=android.intent.action.MAIN cat=[android.intent.category.LAUNCHER] cmp=com.example.dogglers/.VerticalListActivity }, activity.getIntent()=Intent { act=android.intent.action.MAIN cat=[android.intent.category.LAUNCHER] flg=0x10000000 cmp=com.example.dogglers/androidx.test.core.app.InstrumentationActivityInvoker$EmptyActivity }, activity=androidx.test.core.app.InstrumentationActivityInvoker$EmptyActivity@d33ec48
07-29 05:55:34.497  1892  2737 I GnssLocationProvider: WakeLock acquired by sendMessage(REPORT_SV_STATUS, 0, com.android.server.location.GnssLocationProvider$SvStatusInfo@466ee17)
07-29 05:55:34.500 12509 12509 D LifecycleMonitor: Lifecycle status change: androidx.test.core.app.InstrumentationActivityInvoker$EmptyActivity@d33ec48 in: STARTED
07-29 05:55:34.500 12509 12509 V ActivityScenario: Activity lifecycle changed event received but ignored because the intent does not match. startActivityIntent=Intent { act=android.intent.action.MAIN cat=[android.intent.category.LAUNCHER] cmp=com.example.dogglers/.VerticalListActivity }, activity.getIntent()=Intent { act=android.intent.action.MAIN cat=[android.intent.category.LAUNCHER] flg=0x10000000 cmp=com.example.dogglers/androidx.test.core.app.InstrumentationActivityInvoker$EmptyActivity }, activity=androidx.test.core.app.InstrumentationActivityInvoker$EmptyActivity@d33ec48
07-29 05:55:34.502 12509 12509 D LifecycleMonitor: Lifecycle status change: androidx.test.core.app.InstrumentationActivityInvoker$EmptyActivity@d33ec48 in: RESUMED
07-29 05:55:34.503 12509 12509 V ActivityScenario: Activity lifecycle changed event received but ignored because the intent does not match. startActivityIntent=Intent { act=android.intent.action.MAIN cat=[android.intent.category.LAUNCHER] cmp=com.example.dogglers/.VerticalListActivity }, activity.getIntent()=Intent { act=android.intent.action.MAIN cat=[android.intent.category.LAUNCHER] flg=0x10000000 cmp=com.example.dogglers/androidx.test.core.app.InstrumentationActivityInvoker$EmptyActivity }, activity=androidx.test.core.app.InstrumentationActivityInvoker$EmptyActivity@d33ec48
07-29 05:55:34.505  1892  1905 I GnssLocationProvider: WakeLock released by handleMessage(REPORT_SV_STATUS, 0, com.android.server.location.GnssLocationProvider$SvStatusInfo@466ee17)
07-29 05:55:34.553 12509 12509 D LifecycleMonitor: Lifecycle status change: com.example.dogglers.VerticalListActivity@9240e4 in: STOPPED
07-29 05:55:34.554 12509 12509 V ActivityScenario: Update currentActivityStage to STOPPED, currentActivity=com.example.dogglers.VerticalListActivity@9240e4
07-29 05:55:34.556 12509 12509 D LifecycleMonitor: Lifecycle status change: com.example.dogglers.VerticalListActivity@9240e4 in: DESTROYED
07-29 05:55:34.557 12509 12509 V ActivityScenario: Update currentActivityStage to DESTROYED, currentActivity=null
07-29 05:55:34.581  1737  1737 D SurfaceFlinger: duplicate layer name: changing com.example.dogglers/androidx.test.core.app.InstrumentationActivityInvoker$EmptyActivity to com.example.dogglers/androidx.test.core.app.InstrumentationActivityInvoker$EmptyActivity#1
07-29 05:55:34.586  1637  1679 D gralloc_ranchu: gralloc_alloc: Creating ashmem region of size 9023488
07-29 05:55:34.590  1637  2722 D gralloc_ranchu: gralloc_alloc: Creating ashmem region of size 9023488
07-29 05:55:34.616  1637  1679 D gralloc_ranchu: gralloc_alloc: Creating ashmem region of size 9023488
07-29 05:55:34.624 23703 23703 I GoogleInputMethod: onFinishInput() : Dummy InputConnection bound
07-29 05:55:34.624 23703 23703 I GoogleInputMethod: onStartInput() : Dummy InputConnection bound
07-29 05:55:34.649 12509 12550 D EGL_emulation: eglMakeCurrent: 0xeb67f640: ver 2 0 (tinfo 0xeb631bf0)
07-29 05:55:34.676  1892  1914 I ActivityManager: Displayed com.example.dogglers/androidx.test.core.app.InstrumentationActivityInvoker$EmptyActivity: +235ms
07-29 05:55:34.688 12509 12509 D LifecycleMonitor: Lifecycle status change: androidx.test.core.app.InstrumentationActivityInvoker$EmptyActivity@d33ec48 in: PAUSED
07-29 05:55:34.688 12509 12509 V ActivityScenario: Activity lifecycle changed event received but ignored because the intent does not match. startActivityIntent=Intent { act=android.intent.action.MAIN cat=[android.intent.category.LAUNCHER] cmp=com.example.dogglers/.VerticalListActivity }, activity.getIntent()=Intent { act=android.intent.action.MAIN cat=[android.intent.category.LAUNCHER] flg=0x10000000 cmp=com.example.dogglers/androidx.test.core.app.InstrumentationActivityInvoker$EmptyActivity }, activity=androidx.test.core.app.InstrumentationActivityInvoker$EmptyActivity@d33ec48
07-29 05:55:34.726 12509 12509 D LifecycleMonitor: Lifecycle status change: androidx.test.core.app.InstrumentationActivityInvoker$EmptyActivity@37abfa9 in: STOPPED
07-29 05:55:34.727 12509 12509 V ActivityScenario: Activity lifecycle changed event received but ignored because the intent does not match. startActivityIntent=Intent { act=android.intent.action.MAIN cat=[android.intent.category.LAUNCHER] cmp=com.example.dogglers/.VerticalListActivity }, activity.getIntent()=Intent { act=android.intent.action.MAIN cat=[android.intent.category.LAUNCHER] flg=0x10000000 cmp=com.example.dogglers/androidx.test.core.app.InstrumentationActivityInvoker$EmptyActivity }, activity=androidx.test.core.app.InstrumentationActivityInvoker$EmptyActivity@37abfa9
07-29 05:55:34.731 12509 12509 D LifecycleMonitor: Lifecycle status change: androidx.test.core.app.InstrumentationActivityInvoker$EmptyActivity@37abfa9 in: DESTROYED
07-29 05:55:34.732 12509 12509 V ActivityScenario: Activity lifecycle changed event received but ignored because the intent does not match. startActivityIntent=Intent { act=android.intent.action.MAIN cat=[android.intent.category.LAUNCHER] cmp=com.example.dogglers/.VerticalListActivity }, activity.getIntent()=Intent { act=android.intent.action.MAIN cat=[android.intent.category.LAUNCHER] flg=0x10000000 cmp=com.example.dogglers/androidx.test.core.app.InstrumentationActivityInvoker$EmptyActivity }, activity=androidx.test.core.app.InstrumentationActivityInvoker$EmptyActivity@37abfa9
07-29 05:55:34.747 12509 12546 I TestRunner: finished: vertical_scroll_content_at_last_position(com.example.dogglers.VerticalListTests)
