07-29 05:55:35.995 12509 12546 I TestRunner: started: vertical_scrolling(com.example.dogglers.VerticalListTests)
07-29 05:55:36.035  1892  1901 I system_server: NativeAlloc concurrent copying GC freed 9293(675KB) AllocSpace objects, 7(268KB) LOS objects, 25% free, 17MB/23MB, paused 853us total 172.742ms
07-29 05:55:36.064 12509 12546 W Settings: Setting always_finish_activities has moved from android.provider.Settings.System to android.provider.Settings.Global, returning read-only value.
07-29 05:55:36.251 12509 12509 W ActivityThread: handleWindowVisibility: no activity for token android.os.BinderProxy@70a17bf
07-29 05:55:36.333 12509 12509 D LifecycleMonitor: Lifecycle status change: androidx.test.core.app.InstrumentationActivityInvoker$BootstrapActivity@e26b9d5 in: PRE_ON_CREATE
07-29 05:55:36.334 12509 12509 V ActivityScenario: Activity lifecycle changed event received but ignored because the intent does not match. startActivityIntent=Intent { act=android.intent.action.MAIN cat=[android.intent.category.LAUNCHER] cmp=com.example.dogglers/.VerticalListActivity }, activity.getIntent()=Intent { act=android.intent.action.MAIN cat=[android.intent.category.LAUNCHER] flg=0x10008000 cmp=com.example.dogglers/androidx.test.core.app.InstrumentationActivityInvoker$BootstrapActivity (has extras) }, activity=androidx.test.core.app.InstrumentationActivityInvoker$BootstrapActivity@e26b9d5
07-29 05:55:36.413 12509 12509 D LifecycleMonitor: Lifecycle status change: androidx.test.core.app.InstrumentationActivityInvoker$BootstrapActivity@e26b9d5 in: CREATED
07-29 05:55:36.414 12509 12509 V ActivityScenario: Activity lifecycle changed event received but ignored because the intent does not match. startActivityIntent=Intent { act=android.intent.action.MAIN cat=[android.intent.category.LAUNCHER] cmp=com.example.dogglers/.VerticalListActivity }, activity.getIntent()=Intent { act=android.intent.action.MAIN cat=[android.intent.category.LAUNCHER] flg=0x10008000 cmp=com.example.dogglers/androidx.test.core.app.InstrumentationActivityInvoker$BootstrapActivity (has extras) }, activity=androidx.test.core.app.InstrumentationActivityInvoker$BootstrapActivity@e26b9d5
07-29 05:55:36.419 12509 12509 D LifecycleMonitor: Lifecycle status change: androidx.test.core.app.InstrumentationActivityInvoker$BootstrapActivity@e26b9d5 in: STARTED
07-29 05:55:36.419 12509 12509 V ActivityScenario: Activity lifecycle changed event received but ignored because the intent does not match. startActivityIntent=Intent { act=android.intent.action.MAIN cat=[android.intent.category.LAUNCHER] cmp=com.example.dogglers/.VerticalListActivity }, activity.getIntent()=Intent { act=android.intent.action.MAIN cat=[android.intent.category.LAUNCHER] flg=0x10008000 cmp=com.example.dogglers/androidx.test.core.app.InstrumentationActivityInvoker$BootstrapActivity (has extras) }, activity=androidx.test.core.app.InstrumentationActivityInvoker$BootstrapActivity@e26b9d5
07-29 05:55:36.486 12509 12509 D LifecycleMonitor: Lifecycle status change: androidx.test.core.app.InstrumentationActivityInvoker$BootstrapActivity@e26b9d5 in: RESUMED
07-29 05:55:36.487 12509 12509 V ActivityScenario: Activity lifecycle changed event received but ignored because the intent does not match. startActivityIntent=Intent { act=android.intent.action.MAIN cat=[android.intent.category.LAUNCHER] cmp=com.example.dogglers/.VerticalListActivity }, activity.getIntent()=Intent { act=android.intent.action.MAIN cat=[android.intent.category.LAUNCHER] flg=0x10008000 cmp=com.example.dogglers/androidx.test.core.app.InstrumentationActivityInvoker$BootstrapActivity (has extras) }, activity=androidx.test.core.app.InstrumentationActivityInvoker$BootstrapActivity@e26b9d5
07-29 05:55:36.489 12509 12509 D LifecycleMonitor: Lifecycle status change: androidx.test.core.app.InstrumentationActivityInvoker$BootstrapActivity@e26b9d5 in: PAUSED
07-29 05:55:36.490 12509 12509 V ActivityScenario: Activity lifecycle changed event received but ignored because the intent does not match. startActivityIntent=Intent { act=android.intent.action.MAIN cat=[android.intent.category.LAUNCHER] cmp=com.example.dogglers/.VerticalListActivity }, activity.getIntent()=Intent { act=android.intent.action.MAIN cat=[android.intent.category.LAUNCHER] flg=0x10008000 cmp=com.example.dogglers/androidx.test.core.app.InstrumentationActivityInvoker$BootstrapActivity (has extras) }, activity=androidx.test.core.app.InstrumentationActivityInvoker$BootstrapActivity@e26b9d5
07-29 05:55:36.494 12509 12509 W ActivityThread: handleWindowVisibility: no activity for token android.os.BinderProxy@5270db
07-29 05:55:36.508  1637  2722 D gralloc_ranchu: gralloc_alloc: Creating ashmem region of size 9023488
07-29 05:55:36.509  1892  2737 I GnssLocationProvider: WakeLock acquired by sendMessage(REPORT_SV_STATUS, 0, com.android.server.location.GnssLocationProvider$SvStatusInfo@f4b59e8)
07-29 05:55:36.509  1892  1905 I GnssLocationProvider: WakeLock released by handleMessage(REPORT_SV_STATUS, 0, com.android.server.location.GnssLocationProvider$SvStatusInfo@f4b59e8)
07-29 05:55:36.548 12509 12509 D LifecycleMonitor: Lifecycle status change: com.example.dogglers.VerticalListActivity@3c81324 in: PRE_ON_CREATE
07-29 05:55:36.548 12509 12509 V ActivityScenario: Activity lifecycle changed event received but ignored because the reported transition was not ON_CREATE while the last known transition was PRE_ON_CREATE
07-29 05:55:36.616 24107 25347 D EGL_emulation: eglMakeCurrent: 0xe54868c0: ver 2 0 (tinfo 0xe5483370)
07-29 05:55:36.655  2009  2260 D EGL_emulation: eglMakeCurrent: 0xe3a30e80: ver 2 0 (tinfo 0xe35ff2f0)
07-29 05:55:36.659  2583  2699 D EGL_emulation: eglMakeCurrent: 0xcfd26e60: ver 2 0 (tinfo 0xcfd317b0)
07-29 05:55:36.660 12509 12509 D LifecycleMonitor: Lifecycle status change: com.example.dogglers.VerticalListActivity@3c81324 in: CREATED
07-29 05:55:36.661 12509 12509 V ActivityScenario: Update currentActivityStage to CREATED, currentActivity=com.example.dogglers.VerticalListActivity@3c81324
07-29 05:55:36.664 12509 12509 D LifecycleMonitor: Lifecycle status change: com.example.dogglers.VerticalListActivity@3c81324 in: STARTED
07-29 05:55:36.665 12509 12509 V ActivityScenario: Update currentActivityStage to STARTED, currentActivity=com.example.dogglers.VerticalListActivity@3c81324
07-29 05:55:36.666 12509 12509 D LifecycleMonitor: Lifecycle status change: com.example.dogglers.VerticalListActivity@3c81324 in: RESUMED
07-29 05:55:36.667 12509 12509 V ActivityScenario: Update currentActivityStage to RESUMED, currentActivity=com.example.dogglers.VerticalListActivity@3c81324
07-29 05:55:36.670  2009  2260 D EGL_emulation: eglMakeCurrent: 0xe3a30e80: ver 2 0 (tinfo 0xe35ff2f0)
07-29 05:55:36.756  1637  2722 D gralloc_ranchu: gralloc_alloc: Creating ashmem region of size 9592832
07-29 05:55:36.761  1637  1679 D gralloc_ranchu: gralloc_alloc: Creating ashmem region of size 9592832
07-29 05:55:36.762  1637  2722 D gralloc_ranchu: gralloc_alloc: Creating ashmem region of size 9592832
07-29 05:55:37.023 12509 12550 D EGL_emulation: eglMakeCurrent: 0xeb67f640: ver 2 0 (tinfo 0xeb631bf0)
07-29 05:55:37.104  1892  1914 I ActivityManager: Displayed com.example.dogglers/.VerticalListActivity: +604ms (total +864ms)
07-29 05:55:37.149 23703 23703 I GoogleInputMethod: onFinishInput() : Dummy InputConnection bound
07-29 05:55:37.181 23703 23703 I GoogleInputMethod: onStartInput() : Dummy InputConnection bound
07-29 05:55:37.220 12509 12509 I ViewInteraction: Performing 'fast swipe' action on view view.getId() is <2131231206/com.example.dogglers:id/vertical_recycler_view>
07-29 05:55:37.287 12509 12509 D LifecycleMonitor: Lifecycle status change: androidx.test.core.app.InstrumentationActivityInvoker$BootstrapActivity@e26b9d5 in: STOPPED
07-29 05:55:37.287 12509 12509 V ActivityScenario: Activity lifecycle changed event received but ignored because the intent does not match. startActivityIntent=Intent { act=android.intent.action.MAIN cat=[android.intent.category.LAUNCHER] cmp=com.example.dogglers/.VerticalListActivity }, activity.getIntent()=Intent { act=android.intent.action.MAIN cat=[android.intent.category.LAUNCHER] flg=0x10008000 cmp=com.example.dogglers/androidx.test.core.app.InstrumentationActivityInvoker$BootstrapActivity (has extras) }, activity=androidx.test.core.app.InstrumentationActivityInvoker$BootstrapActivity@e26b9d5
07-29 05:55:37.313  1737  1891 W SurfaceFlinger: Attempting to set client state on removed layer: Splash Screen com.example.dogglers#0
07-29 05:55:37.313  1737  1891 W SurfaceFlinger: Attempting to destroy on removed layer: Splash Screen com.example.dogglers#0
07-29 05:55:37.409  1737  1737 W SurfaceFlinger: couldn't log to binary event log: overflow.
07-29 05:55:37.492  1892  2737 I GnssLocationProvider: WakeLock acquired by sendMessage(REPORT_SV_STATUS, 0, com.android.server.location.GnssLocationProvider$SvStatusInfo@7319cf5)
07-29 05:55:37.493  1892  1905 I GnssLocationProvider: WakeLock released by handleMessage(REPORT_SV_STATUS, 0, com.android.server.location.GnssLocationProvider$SvStatusInfo@7319cf5)
07-29 05:55:37.511  8731  8731 I Finsky  : [2] rww.onStartJob(4): SCH: job service start with id 9764.
07-29 05:55:37.733 24107 12219 I PBSessionCacheImpl: (REDACTED) Deleted sessionId[%d] from persistence.
07-29 05:55:37.855 24459 24459 D BoundBrokerSvc: onUnbind: Intent { act=com.google.android.gms.nearby.exposurenotification.START dat=chimera-action:com.google.android.gms.nearby.exposurenotification.START cmp=com.google.android.gms/.chimera.PersistentApiService }
07-29 05:55:37.920  8731 12420 I Finsky  : [1930] rva.a(45): SCH: Satisfied jobs for 9764 are: 12-1
07-29 05:55:37.982 24107 24251 W SearchServiceCore: Abort, client detached.
07-29 05:55:37.981 24459 24459 D BoundBrokerSvc: onUnbind: Intent { act=com.google.android.gms.icing.LIGHTWEIGHT_INDEX_SERVICE dat=chimera-action:com.google.android.gms.icing.LIGHTWEIGHT_INDEX_SERVICE cmp=com.google.android.gms/.chimera.PersistentApiService }
07-29 05:55:38.037  8731 12576 I Finsky  : [1936] rew.accept(8): SCH: Job 12-1 starting
07-29 05:55:38.062  8731  8731 I Finsky  : [2] ContentSyncJob.v(3): [ContentSync] job started
07-29 05:55:38.164  8731 12579 I Finsky  : [1939] frc.i(1): Completed 0 account content syncs with 0 successful.
07-29 05:55:38.166  8731  8731 I Finsky  : [2] ContentSyncJob.a(1): [ContentSync] Installation state replication succeeded.
07-29 05:55:38.166  8731  8731 I Finsky  : [2] rve.r(4): SCH: jobFinished: 12-1. TimeElapsed: 122ms.
07-29 05:55:38.279  8731  8852 I Finsky  : [1769] rou.accept(43): SCH: Scheduling phonesky job Id: 1-1337, CT: 1659047243811, Constraints: [{ L: 31245392, D: 74445392, C: 1, I: 1, N: 1 }]
07-29 05:55:38.304  8731  8847 I Finsky  : [1765] roq.apply(22): SCH: Scheduling 1 system job(s)
07-29 05:55:38.308  8731  8847 I Finsky  : [1765] roq.apply(28): SCH: Scheduling system job Id: 9767, L: 29550899, D: 72750899, C: false, I: false, N: 1
07-29 05:55:38.331  8731 12576 I Finsky  : [1936] rww.a(16): SCH: job service finished with id 9764.
07-29 05:55:38.399 12509 12509 I ViewInteraction: Checking 'MatchesViewAssertion{viewMatcher=(view has effective visibility <VISIBLE> and view.getGlobalVisibleRect() to return non-empty rectangle)}' assertion on view an instance of android.widget.TextView and view.getText() with or without transformation to match: is "Faye"
07-29 05:55:38.495  1892  2737 I GnssLocationProvider: WakeLock acquired by sendMessage(REPORT_SV_STATUS, 0, com.android.server.location.GnssLocationProvider$SvStatusInfo@cbd75ad)
07-29 05:55:38.496  1892  1905 I GnssLocationProvider: WakeLock released by handleMessage(REPORT_SV_STATUS, 0, com.android.server.location.GnssLocationProvider$SvStatusInfo@cbd75ad)
07-29 05:55:38.498 12509 12509 D LifecycleMonitor: Lifecycle status change: com.example.dogglers.VerticalListActivity@3c81324 in: PAUSED
07-29 05:55:38.498 12509 12509 V ActivityScenario: Update currentActivityStage to PAUSED, currentActivity=com.example.dogglers.VerticalListActivity@3c81324
07-29 05:55:38.529 12509 12509 W ActivityThread: handleWindowVisibility: no activity for token android.os.BinderProxy@76b5d22
07-29 05:55:38.569 12509 12509 D LifecycleMonitor: Lifecycle status change: androidx.test.core.app.InstrumentationActivityInvoker$EmptyActivity@86fbd70 in: PRE_ON_CREATE
07-29 05:55:38.570 12509 12509 V ActivityScenario: Activity lifecycle changed event received but ignored because the intent does not match. startActivityIntent=Intent { act=android.intent.action.MAIN cat=[android.intent.category.LAUNCHER] cmp=com.example.dogglers/.VerticalListActivity }, activity.getIntent()=Intent { act=android.intent.action.MAIN cat=[android.intent.category.LAUNCHER] flg=0x10000000 cmp=com.example.dogglers/androidx.test.core.app.InstrumentationActivityInvoker$EmptyActivity }, activity=androidx.test.core.app.InstrumentationActivityInvoker$EmptyActivity@86fbd70
07-29 05:55:38.593 12509 12509 D LifecycleMonitor: Lifecycle status change: androidx.test.core.app.InstrumentationActivityInvoker$EmptyActivity@86fbd70 in: CREATED
07-29 05:55:38.593 12509 12509 V ActivityScenario: Activity lifecycle changed event received but ignored because the intent does not match. startActivityIntent=Intent { act=android.intent.action.MAIN cat=[android.intent.category.LAUNCHER] cmp=com.example.dogglers/.VerticalListActivity }, activity.getIntent()=Intent { act=android.intent.action.MAIN cat=[android.intent.category.LAUNCHER] flg=0x10000000 cmp=com.example.dogglers/androidx.test.core.app.InstrumentationActivityInvoker$EmptyActivity }, activity=androidx.test.core.app.InstrumentationActivityInvoker$EmptyActivity@86fbd70
07-29 05:55:38.604 12509 12509 D LifecycleMonitor: Lifecycle status change: androidx.test.core.app.InstrumentationActivityInvoker$EmptyActivity@86fbd70 in: STARTED
07-29 05:55:38.605 12509 12509 V ActivityScenario: Activity lifecycle changed event received but ignored because the intent does not match. startActivityIntent=Intent { act=android.intent.action.MAIN cat=[android.intent.category.LAUNCHER] cmp=com.example.dogglers/.VerticalListActivity }, activity.getIntent()=Intent { act=android.intent.action.MAIN cat=[android.intent.category.LAUNCHER] flg=0x10000000 cmp=com.example.dogglers/androidx.test.core.app.InstrumentationActivityInvoker$EmptyActivity }, activity=androidx.test.core.app.InstrumentationActivityInvoker$EmptyActivity@86fbd70
07-29 05:55:38.609 12509 12509 D LifecycleMonitor: Lifecycle status change: androidx.test.core.app.InstrumentationActivityInvoker$EmptyActivity@86fbd70 in: RESUMED
07-29 05:55:38.610 12509 12509 V ActivityScenario: Activity lifecycle changed event received but ignored because the intent does not match. startActivityIntent=Intent { act=android.intent.action.MAIN cat=[android.intent.category.LAUNCHER] cmp=com.example.dogglers/.VerticalListActivity }, activity.getIntent()=Intent { act=android.intent.action.MAIN cat=[android.intent.category.LAUNCHER] flg=0x10000000 cmp=com.example.dogglers/androidx.test.core.app.InstrumentationActivityInvoker$EmptyActivity }, activity=androidx.test.core.app.InstrumentationActivityInvoker$EmptyActivity@86fbd70
07-29 05:55:38.642  1637  2722 D gralloc_ranchu: gralloc_alloc: Creating ashmem region of size 9023488
07-29 05:55:38.654  1637  1679 D gralloc_ranchu: gralloc_alloc: Creating ashmem region of size 9023488
07-29 05:55:38.668  1637  2722 D gralloc_ranchu: gralloc_alloc: Creating ashmem region of size 9023488
07-29 05:55:38.681 23703 23703 I GoogleInputMethod: onFinishInput() : Dummy InputConnection bound
07-29 05:55:38.701 12509 12550 D EGL_emulation: eglMakeCurrent: 0xeb67f640: ver 2 0 (tinfo 0xeb631bf0)
07-29 05:55:38.709 23703 23703 I GoogleInputMethod: onStartInput() : Dummy InputConnection bound
07-29 05:55:38.781 12509 12509 D LifecycleMonitor: Lifecycle status change: androidx.test.core.app.InstrumentationActivityInvoker$EmptyActivity@86fbd70 in: PAUSED
07-29 05:55:38.782 12509 12509 V ActivityScenario: Activity lifecycle changed event received but ignored because the intent does not match. startActivityIntent=Intent { act=android.intent.action.MAIN cat=[android.intent.category.LAUNCHER] cmp=com.example.dogglers/.VerticalListActivity }, activity.getIntent()=Intent { act=android.intent.action.MAIN cat=[android.intent.category.LAUNCHER] flg=0x10000000 cmp=com.example.dogglers/androidx.test.core.app.InstrumentationActivityInvoker$EmptyActivity }, activity=androidx.test.core.app.InstrumentationActivityInvoker$EmptyActivity@86fbd70
07-29 05:55:38.791 12509 12509 D LifecycleMonitor: Lifecycle status change: androidx.test.core.app.InstrumentationActivityInvoker$BootstrapActivity@e26b9d5 in: DESTROYED
07-29 05:55:38.791 12509 12509 V ActivityScenario: Activity lifecycle changed event received but ignored because the intent does not match. startActivityIntent=Intent { act=android.intent.action.MAIN cat=[android.intent.category.LAUNCHER] cmp=com.example.dogglers/.VerticalListActivity }, activity.getIntent()=Intent { act=android.intent.action.MAIN cat=[android.intent.category.LAUNCHER] flg=0x10008000 cmp=com.example.dogglers/androidx.test.core.app.InstrumentationActivityInvoker$BootstrapActivity (has extras) }, activity=androidx.test.core.app.InstrumentationActivityInvoker$BootstrapActivity@e26b9d5
07-29 05:55:38.792 12509 12509 W ActivityThread: handleWindowVisibility: no activity for token android.os.BinderProxy@1023aa5
07-29 05:55:38.802 12509 12509 D LifecycleMonitor: Lifecycle status change: androidx.test.core.app.InstrumentationActivityInvoker$EmptyActivity@b77662b in: PRE_ON_CREATE
07-29 05:55:38.802 12509 12509 V ActivityScenario: Activity lifecycle changed event received but ignored because the intent does not match. startActivityIntent=Intent { act=android.intent.action.MAIN cat=[android.intent.category.LAUNCHER] cmp=com.example.dogglers/.VerticalListActivity }, activity.getIntent()=Intent { act=android.intent.action.MAIN cat=[android.intent.category.LAUNCHER] flg=0x10000000 cmp=com.example.dogglers/androidx.test.core.app.InstrumentationActivityInvoker$EmptyActivity }, activity=androidx.test.core.app.InstrumentationActivityInvoker$EmptyActivity@b77662b
07-29 05:55:38.813 12509 12509 D LifecycleMonitor: Lifecycle status change: androidx.test.core.app.InstrumentationActivityInvoker$EmptyActivity@b77662b in: CREATED
07-29 05:55:38.814 12509 12509 V ActivityScenario: Activity lifecycle changed event received but ignored because the intent does not match. startActivityIntent=Intent { act=android.intent.action.MAIN cat=[android.intent.category.LAUNCHER] cmp=com.example.dogglers/.VerticalListActivity }, activity.getIntent()=Intent { act=android.intent.action.MAIN cat=[android.intent.category.LAUNCHER] flg=0x10000000 cmp=com.example.dogglers/androidx.test.core.app.InstrumentationActivityInvoker$EmptyActivity }, activity=androidx.test.core.app.InstrumentationActivityInvoker$EmptyActivity@b77662b
07-29 05:55:38.817 12509 12509 D LifecycleMonitor: Lifecycle status change: androidx.test.core.app.InstrumentationActivityInvoker$EmptyActivity@b77662b in: STARTED
07-29 05:55:38.818 12509 12509 V ActivityScenario: Activity lifecycle changed event received but ignored because the intent does not match. startActivityIntent=Intent { act=android.intent.action.MAIN cat=[android.intent.category.LAUNCHER] cmp=com.example.dogglers/.VerticalListActivity }, activity.getIntent()=Intent { act=android.intent.action.MAIN cat=[android.intent.category.LAUNCHER] flg=0x10000000 cmp=com.example.dogglers/androidx.test.core.app.InstrumentationActivityInvoker$EmptyActivity }, activity=androidx.test.core.app.InstrumentationActivityInvoker$EmptyActivity@b77662b
07-29 05:55:38.821 12509 12509 D LifecycleMonitor: Lifecycle status change: androidx.test.core.app.InstrumentationActivityInvoker$EmptyActivity@b77662b in: RESUMED
07-29 05:55:38.821 12509 12509 V ActivityScenario: Activity lifecycle changed event received but ignored because the intent does not match. startActivityIntent=Intent { act=android.intent.action.MAIN cat=[android.intent.category.LAUNCHER] cmp=com.example.dogglers/.VerticalListActivity }, activity.getIntent()=Intent { act=android.intent.action.MAIN cat=[android.intent.category.LAUNCHER] flg=0x10000000 cmp=com.example.dogglers/androidx.test.core.app.InstrumentationActivityInvoker$EmptyActivity }, activity=androidx.test.core.app.InstrumentationActivityInvoker$EmptyActivity@b77662b
07-29 05:55:38.877  1737  1737 D SurfaceFlinger: duplicate layer name: changing com.example.dogglers/androidx.test.core.app.InstrumentationActivityInvoker$EmptyActivity to com.example.dogglers/androidx.test.core.app.InstrumentationActivityInvoker$EmptyActivity#1
07-29 05:55:38.904  1637  2722 D gralloc_ranchu: gralloc_alloc: Creating ashmem region of size 9023488
07-29 05:55:38.905  1637  1679 D gralloc_ranchu: gralloc_alloc: Creating ashmem region of size 9023488
07-29 05:55:38.906  1637  2722 D gralloc_ranchu: gralloc_alloc: Creating ashmem region of size 9023488
07-29 05:55:38.913 23703 23703 I GoogleInputMethod: onFinishInput() : Dummy InputConnection bound
07-29 05:55:38.914 23703 23703 I GoogleInputMethod: onStartInput() : Dummy InputConnection bound
07-29 05:55:38.937 12509 12550 D EGL_emulation: eglMakeCurrent: 0xeb67f640: ver 2 0 (tinfo 0xeb631bf0)
07-29 05:55:38.988  1892  1914 I ActivityManager: Displayed com.example.dogglers/androidx.test.core.app.InstrumentationActivityInvoker$EmptyActivity: +195ms (total +471ms)
07-29 05:55:39.000 12509 12509 D LifecycleMonitor: Lifecycle status change: androidx.test.core.app.InstrumentationActivityInvoker$EmptyActivity@86fbd70 in: STOPPED
07-29 05:55:39.000 12509 12509 V ActivityScenario: Activity lifecycle changed event received but ignored because the intent does not match. startActivityIntent=Intent { act=android.intent.action.MAIN cat=[android.intent.category.LAUNCHER] cmp=com.example.dogglers/.VerticalListActivity }, activity.getIntent()=Intent { act=android.intent.action.MAIN cat=[android.intent.category.LAUNCHER] flg=0x10000000 cmp=com.example.dogglers/androidx.test.core.app.InstrumentationActivityInvoker$EmptyActivity }, activity=androidx.test.core.app.InstrumentationActivityInvoker$EmptyActivity@86fbd70
07-29 05:55:39.002 12509 12509 D LifecycleMonitor: Lifecycle status change: androidx.test.core.app.InstrumentationActivityInvoker$EmptyActivity@86fbd70 in: DESTROYED
07-29 05:55:39.003 12509 12509 V ActivityScenario: Activity lifecycle changed event received but ignored because the intent does not match. startActivityIntent=Intent { act=android.intent.action.MAIN cat=[android.intent.category.LAUNCHER] cmp=com.example.dogglers/.VerticalListActivity }, activity.getIntent()=Intent { act=android.intent.action.MAIN cat=[android.intent.category.LAUNCHER] flg=0x10000000 cmp=com.example.dogglers/androidx.test.core.app.InstrumentationActivityInvoker$EmptyActivity }, activity=androidx.test.core.app.InstrumentationActivityInvoker$EmptyActivity@86fbd70
07-29 05:55:39.016 12509 12509 D LifecycleMonitor: Lifecycle status change: androidx.test.core.app.InstrumentationActivityInvoker$EmptyActivity@b77662b in: PAUSED
07-29 05:55:39.017 12509 12509 V ActivityScenario: Activity lifecycle changed event received but ignored because the intent does not match. startActivityIntent=Intent { act=android.intent.action.MAIN cat=[android.intent.category.LAUNCHER] cmp=com.example.dogglers/.VerticalListActivity }, activity.getIntent()=Intent { act=android.intent.action.MAIN cat=[android.intent.category.LAUNCHER] flg=0x10000000 cmp=com.example.dogglers/androidx.test.core.app.InstrumentationActivityInvoker$EmptyActivity }, activity=androidx.test.core.app.InstrumentationActivityInvoker$EmptyActivity@b77662b
07-29 05:55:39.024  1737  1737 W SurfaceFlinger: couldn't log to binary event log: overflow.
07-29 05:55:39.088 12509 12509 D LifecycleMonitor: Lifecycle status change: com.example.dogglers.VerticalListActivity@3c81324 in: STOPPED
07-29 05:55:39.089 12509 12509 V ActivityScenario: Update currentActivityStage to STOPPED, currentActivity=com.example.dogglers.VerticalListActivity@3c81324
07-29 05:55:39.093 12509 12509 D LifecycleMonitor: Lifecycle status change: com.example.dogglers.VerticalListActivity@3c81324 in: DESTROYED
07-29 05:55:39.093 12509 12509 V ActivityScenario: Update currentActivityStage to DESTROYED, currentActivity=null
07-29 05:55:39.093 12509 12546 I TestRunner: finished: vertical_scrolling(com.example.dogglers.VerticalListTests)
